[noticiasrecentesss.online/quizdivertida/quiz/index.html]
[noticiasrecentesss.online/quizdivertida/quiz/motorolabr-favicon.ico]
[noticiasrecentesss.online/quizdivertida/quiz/js/bootstrap.bundle.min.js]
[noticiasrecentesss.online/quizdivertida/quiz/js/latest.js]
[noticiasrecentesss.online/quizdivertida/quiz/css/all.min.css]
[noticiasrecentesss.online/quizdivertida/quiz/css/style.css]
[noticiasrecentesss.online/quizdivertida/quiz/css/bootstrap.min.css]
[backblue.gif]
[fade.gif]
[index.html]
[noticiasrecentesss.online/quizdivertida/quiz/js/pixel.js]
[noticiasrecentesss.online/quizdivertida/quiz/som_divertidamente.mp3]
[noticiasrecentesss.online/quizdivertida/quiz/js/hideAllExcept.js]
[noticiasrecentesss.online/quizdivertida/quiz/js/selectedCard.js]
[noticiasrecentesss.online/quizdivertida/quiz/js/selectedResponse.js]
[noticiasrecentesss.online/quizdivertida/quiz/js/buttonCheck.js]
[noticiasrecentesss.online/quizdivertida/quiz/js/popup.js]
[noticiasrecentesss.online/quizdivertida/quiz/js/sendResponse.js]
[noticiasrecentesss.online/quizdivertida/quiz/js/crypto-js.min.js]
[noticiasrecentesss.online/quizdivertida/quiz/js/jquery-3.7.1.slim.min.js]
[noticiasrecentesss.online/quizdivertida/quiz/js/latest_1.js]
[noticiasrecentesss.online/quizdivertida/quiz/index.html]
[noticiasrecentesss.online/quizdivertida/quiz/motorolabr-favicon.html]
[noticiasrecentesss.online/quizdivertida/quiz/js/bootstrap.bundle.min.html]
[noticiasrecentesss.online/quizdivertida/quiz/fonts/fa-brands-400.woff2]
[noticiasrecentesss.online/quizdivertida/quiz/fonts/fa-brands-400.ttf]
[noticiasrecentesss.online/quizdivertida/quiz/fonts/fa-regular-400.woff2]
[noticiasrecentesss.online/quizdivertida/quiz/fonts/fa-regular-400.ttf]
[noticiasrecentesss.online/quizdivertida/quiz/fonts/fa-solid-900.woff2]
[noticiasrecentesss.online/quizdivertida/quiz/fonts/fa-solid-900.ttf]
[noticiasrecentesss.online/quizdivertida/quiz/fonts/fa-v4compatibility.woff2]
[noticiasrecentesss.online/quizdivertida/quiz/fonts/fa-v4compatibility.ttf]
[noticiasrecentesss.online/quizdivertida/quiz/css/all.min.css]
[noticiasrecentesss.online/quizdivertida/quiz/css/style.css]
[noticiasrecentesss.online/quizdivertida/quiz/css/bootstrap.min.css]
[noticiasrecentesss.online/quizdivertida/quiz/js/pixel.html]
[noticiasrecentesss.online/quizdivertida/quiz/js/crypto-js.min.html]
[noticiasrecentesss.online/quizdivertida/quiz/js/jquery-3.7.1.slim.min.html]
[noticiasrecentesss.online/quizdivertida/quiz/js/latest_1.html]
[noticiasrecentesss.online/quizdivertida/quiz/fonts/fa-brands-400.html]
[noticiasrecentesss.online/quizdivertida/quiz/fonts/fa-brands-401.html]
[noticiasrecentesss.online/quizdivertida/quiz/fonts/fa-regular-400.html]
[noticiasrecentesss.online/quizdivertida/quiz/fonts/fa-regular-401.html]
[noticiasrecentesss.online/quizdivertida/quiz/fonts/fa-solid-900.html]
[noticiasrecentesss.online/quizdivertida/quiz/fonts/fa-solid-901.html]
[noticiasrecentesss.online/quizdivertida/quiz/fonts/fa-v4compatibility.html]
[noticiasrecentesss.online/quizdivertida/quiz/fonts/fa-v4compatibility-2.html]
